=== node scripts/checks/no-tests-skip.ts ===
REQ-QA-002 OK: 0 `xit(`/`xdescribe(`/`it.skip(`/`describe.skip(` en tests/, y 0 `test.skip(` sin motivo documentado fuera de tests/e2e/.
  5 skip(s) condicional(es) documentados permitidos en tests/e2e/ (Playwright, con motivo explícito):
    tests/e2e/login-real-y-resumen.spec.ts:63: motivo = "Basta una corrida; el flujo no depende del viewport."
    tests/e2e/paridad-restaurantes-login.spec.ts:63: motivo = "Una sola captura de referencia basta; se corre solo en el proyecto desktop."
    tests/e2e/paridad-restaurantes-login.spec.ts:111: motivo = motivoFallo
    tests/e2e/paridad-visual.spec.ts:244: motivo = "Una sola corrida basta; se hace en el proyecto desktop."
    tests/e2e/paridad-visual.spec.ts:288: motivo = motivoFallo
EXIT: 0

=== npx vitest run tests/unit/qa/no-tests-skip.spec.ts ===

 RUN  v3.2.7 /Users/javiercamaraportepetit/Desktop/supabase/hoteles

 ✓ tests/unit/qa/no-tests-skip.spec.ts (16 tests) 24ms

 Test Files  1 passed (1)
      Tests  16 passed (16)
   Start at  15:58:29
   Duration  240ms (transform 21ms, setup 0ms, collect 21ms, tests 24ms, environment 0ms, prepare 35ms)


=== npm run typecheck ===

> atiende-hoteles@0.0.0 typecheck
> tsc --noEmit -p tsconfig.json && tsc --noEmit -p tests/e2e/tsconfig.json && tsc --noEmit -p apps/api/tsconfig.json

EXIT: 0

=== npx eslint (archivos nuevos) ===
EXIT: 0

=== python3 -c yaml.safe_load(ci.yml) ===
YAML válido
