=== typecheck: @atiende-hoteles/api (errores preexistentes ajenos a REQ-BO-010, ver NOTA) ===

> @atiende-hoteles/api@0.0.0 typecheck
> tsc --noEmit -p tsconfig.json

src/pms/fraudScan.ts(9,3): error TS2305: Module '"@atiende-hoteles/domain-hotel"' has no exported member 'detectDiscountOutsidePolicy'.
src/pms/fraudScan.ts(10,3): error TS2305: Module '"@atiende-hoteles/domain-hotel"' has no exported member 'detectFolioReopenedAfterAudit'.
src/pms/fraudScan.ts(11,3): error TS2305: Module '"@atiende-hoteles/domain-hotel"' has no exported member 'detectRefundToDifferentCard'.
src/pms/fraudScan.ts(12,3): error TS2305: Module '"@atiende-hoteles/domain-hotel"' has no exported member 'detectUnpostedFnbCharge'.
src/pms/fraudScan.ts(13,3): error TS2305: Module '"@atiende-hoteles/domain-hotel"' has no exported member 'recipientRolesForPattern'.
src/pms/fraudScan.ts(14,8): error TS2305: Module '"@atiende-hoteles/domain-hotel"' has no exported member 'FraudFinding'.
src/routes/fraude.ts(14,10): error TS2305: Module '"@atiende-hoteles/domain-hotel"' has no exported member 'recipientRolesForPattern'.
src/routes/fraude.ts(14,41): error TS2305: Module '"@atiende-hoteles/domain-hotel"' has no exported member 'FraudPattern'.
src/routes/pedidosFnb.ts(15,3): error TS2305: Module '"@atiende-hoteles/domain-hotel"' has no exported member 'AllergySafetyAssuranceBlockedError'.
src/routes/pedidosFnb.ts(16,3): error TS2305: Module '"@atiende-hoteles/domain-hotel"' has no exported member 'assertCanAssureDishIsSafe'.
src/routes/pedidosFnb.ts(17,3): error TS2305: Module '"@atiende-hoteles/domain-hotel"' has no exported member 'canAssureDishIsSafe'.
src/routes/pedidosFnb.ts(18,3): error TS2305: Module '"@atiende-hoteles/domain-hotel"' has no exported member 'describeSafetyAssuranceMessage'.
src/routes/pedidosFnb.ts(19,3): error TS2305: Module '"@atiende-hoteles/domain-hotel"' has no exported member 'resolveAllergyDeclared'.
src/routes/pedidosFnb.ts(225,84): error TS18046: 'err' is of type 'unknown'.
npm error Lifecycle script `typecheck` failed with error:
npm error code 2
npm error path /Users/javiercamaraportepetit/Desktop/supabase/hoteles/apps/api
npm error workspace @atiende-hoteles/api@0.0.0
npm error location /Users/javiercamaraportepetit/Desktop/supabase/hoteles/apps/api
npm error command failed
npm error command sh -c tsc --noEmit -p tsconfig.json
exit code: 2
