Metodologia: repo git AISLADO en el scratchpad de la sesion (no el repo real),
para no comitear un secreto de prueba en el historial de atiende-hoteles.
Mismo comando exacto que corre el job secret-scan de CI:
  gitleaks detect --source . --config .gitleaks.toml -v --redact
(.gitleaks.toml copiado sin cambios desde la raiz del repo real.)


    ○
    │╲
    │ ○
    ○ ░
    ░    gitleaks

Finding:     ...onst cvvDePrueba = "REDACTED";
Secret:      REDACTED
RuleID:      cvv-con-contexto
Entropy:     2.155639
File:        secreto-de-prueba.ts
Line:        5
Commit:      beb44182729e9e69edf0d933ba24e41cb6f3b48a
Author:      REQ-SEG-012 verificacion
Email:       test@example.com
Date:        2026-09-08T21:42:19Z
Fingerprint: beb44182729e9e69edf0d933ba24e41cb6f3b48a:secreto-de-prueba.ts:cvv-con-contexto:5

Finding:     ...ePruebaSintetico = "REDACTED"; // PAN sintetico,...
Secret:      REDACTED
RuleID:      pan-tarjeta
Entropy:     3.260828
File:        secreto-de-prueba.ts
Line:        4
Commit:      beb44182729e9e69edf0d933ba24e41cb6f3b48a
Author:      REQ-SEG-012 verificacion
Email:       test@example.com
Date:        2026-09-08T21:42:19Z
Fingerprint: beb44182729e9e69edf0d933ba24e41cb6f3b48a:secreto-de-prueba.ts:pan-tarjeta:4

Finding:     ...t awsKeyDePrueba = "REDACTED";
Secret:      REDACTED
RuleID:      aws-access-token
Entropy:     3.884184
File:        secreto-de-prueba.ts
Line:        6
Commit:      beb44182729e9e69edf0d933ba24e41cb6f3b48a
Author:      REQ-SEG-012 verificacion
Email:       test@example.com
Date:        2026-09-08T21:42:19Z
Fingerprint: beb44182729e9e69edf0d933ba24e41cb6f3b48a:secreto-de-prueba.ts:aws-access-token:6

3:42PM INF 1 commits scanned.
3:42PM INF scanned ~3810 bytes (3.81 KB) in 37.1ms
3:42PM WRN leaks found: 3

EXIT=1 (no cero => el escaneo bloquea el merge en CI)
