[WebServer] (node:15565) Warning: The 'NO_COLOR' env is ignored due to the 'FORCE_COLOR' env being set.
[WebServer] (Use `node --trace-warnings ...` to show where the warning was created)
[WebServer] 7:20:49 AM [vite] warning: `optimizeDeps.esbuildOptions` option was specified by "vite:react-swc" plugin. This option is deprecated, please use `optimizeDeps.rolldownOptions` instead.
[WebServer] You or a plugin you are using have set `optimizeDeps.esbuildOptions` but this option is now deprecated. Vite now uses Rolldown to optimize the dependencies. Please use `optimizeDeps.rolldownOptions` instead.
[WebServer] `esbuild` option is set to false, but `oxc` option was not set to false. `esbuild: false` does not have effect any more. If you want to disable the default transformation, which is now handled by Oxc, please set `oxc: false` instead.

Running 22 tests using 5 workers

(node:15567) Warning: The 'NO_COLOR' env is ignored due to the 'FORCE_COLOR' env being set.
(Use `node --trace-warnings ...` to show where the warning was created)
(node:15569) Warning: The 'NO_COLOR' env is ignored due to the 'FORCE_COLOR' env being set.
(Use `node --trace-warnings ...` to show where the warning was created)
(node:15568) Warning: The 'NO_COLOR' env is ignored due to the 'FORCE_COLOR' env being set.
(Use `node --trace-warnings ...` to show where the warning was created)
(node:15566) Warning: The 'NO_COLOR' env is ignored due to the 'FORCE_COLOR' env being set.
(Use `node --trace-warnings ...` to show where the warning was created)
(node:15570) Warning: The 'NO_COLOR' env is ignored due to the 'FORCE_COLOR' env being set.
(Use `node --trace-warnings ...` to show where the warning was created)
  ✓   2 [desktop] › ../../tests/e2e/paridad-visual.spec.ts:16:3 › Paridad visual — capturas hoteles › login (1.0s)
  ✓   6 [desktop] › ../../tests/e2e/paridad-visual.spec.ts:23:3 › Paridad visual — capturas hoteles › resumen (529ms)
  ✓   5 [desktop] › ../../tests/e2e/axe-accesibilidad.spec.ts:20:3 › axe: login sin violaciones serias/críticas (1.7s)
  ✓   7 [desktop] › ../../tests/e2e/paridad-visual.spec.ts:31:3 › Paridad visual — capturas hoteles › reservas (647ms)
(node:15817) Warning: The 'NO_COLOR' env is ignored due to the 'FORCE_COLOR' env being set.
(Use `node --trace-warnings ...` to show where the warning was created)
  ✓   4 [desktop] › ../../tests/e2e/paridad-restaurantes-login.spec.ts:62:1 › paridad: login real de atiende-restaurantes (referencia, solo lectura) (3.5s)
  ✓   8 [desktop] › ../../tests/e2e/axe-accesibilidad.spec.ts:20:3 › axe: resumen sin violaciones serias/críticas (1.7s)
(node:15952) Warning: The 'NO_COLOR' env is ignored due to the 'FORCE_COLOR' env being set.
(Use `node --trace-warnings ...` to show where the warning was created)
  ✓   9 [mobile] › ../../tests/e2e/axe-accesibilidad.spec.ts:20:3 › axe: login sin violaciones serias/críticas (1.6s)
  ✓  10 [desktop] › ../../tests/e2e/axe-accesibilidad.spec.ts:20:3 › axe: reservas sin violaciones serias/críticas (1.7s)
  ✓   1 [desktop] › ../../tests/e2e/login-real-y-resumen.spec.ts:62:1 › login real (credenciales de la seed) → Resumen con cifras reales calculadas por la API (5.5s)
(node:16021) Warning: The 'NO_COLOR' env is ignored due to the 'FORCE_COLOR' env being set.
(Use `node --trace-warnings ...` to show where the warning was created)
  ✓  12 [mobile] › ../../tests/e2e/axe-accesibilidad.spec.ts:20:3 › axe: resumen sin violaciones serias/críticas (1.6s)
  ✓   3 [desktop] › ../../tests/e2e/h4-reserva-real-desde-ui.spec.ts:72:1 › crear una reserva real desde /reservas (seeds reales) y verla en la tabla y en la grid de /disponibilidad (6.7s)
  -  14 [mobile] › ../../tests/e2e/login-real-y-resumen.spec.ts:62:1 › login real (credenciales de la seed) → Resumen con cifras reales calculadas por la API
  ✓  13 [desktop] › ../../tests/e2e/axe-accesibilidad.spec.ts:20:3 › axe: disponibilidad sin violaciones serias/críticas (1.6s)
(node:16061) Warning: The 'NO_COLOR' env is ignored due to the 'FORCE_COLOR' env being set.
(Use `node --trace-warnings ...` to show where the warning was created)
  ✓  16 [mobile] › ../../tests/e2e/paridad-visual.spec.ts:16:3 › Paridad visual — capturas hoteles › login (546ms)
  -  18 [mobile] › ../../tests/e2e/paridad-restaurantes-login.spec.ts:62:1 › paridad: login real de atiende-restaurantes (referencia, solo lectura)
  ✓  15 [mobile] › ../../tests/e2e/axe-accesibilidad.spec.ts:20:3 › axe: reservas sin violaciones serias/críticas (1.6s)
  ✓  19 [mobile] › ../../tests/e2e/paridad-visual.spec.ts:23:3 › Paridad visual — capturas hoteles › resumen (696ms)
  ✓  17 [desktop] › ../../tests/e2e/axe-accesibilidad.spec.ts:20:3 › axe: configuracion sin violaciones serias/críticas (1.5s)
  ✓  21 [mobile] › ../../tests/e2e/paridad-visual.spec.ts:31:3 › Paridad visual — capturas hoteles › reservas (517ms)
  ✓  20 [mobile] › ../../tests/e2e/axe-accesibilidad.spec.ts:20:3 › axe: disponibilidad sin violaciones serias/críticas (1.4s)
  ✓  11 [mobile] › ../../tests/e2e/h4-reserva-real-desde-ui.spec.ts:72:1 › crear una reserva real desde /reservas (seeds reales) y verla en la tabla y en la grid de /disponibilidad (5.7s)
  ✓  22 [mobile] › ../../tests/e2e/axe-accesibilidad.spec.ts:20:3 › axe: configuracion sin violaciones serias/críticas (1.4s)

  2 skipped
  20 passed (11.8s)
exit=0
