
> atiende-hoteles@0.0.0 test:e2e
> npm run e2e --workspace=apps/web


> @atiende/web@0.0.0 e2e
> playwright test -c playwright.config.ts

[WebServer] (node:69101) Warning: The 'NO_COLOR' env is ignored due to the 'FORCE_COLOR' env being set.
[WebServer] (Use `node --trace-warnings ...` to show where the warning was created)
[WebServer] 8:36:25 AM [vite] warning: `optimizeDeps.esbuildOptions` option was specified by "vite:react-swc" plugin. This option is deprecated, please use `optimizeDeps.rolldownOptions` instead.
[WebServer] You or a plugin you are using have set `optimizeDeps.esbuildOptions` but this option is now deprecated. Vite now uses Rolldown to optimize the dependencies. Please use `optimizeDeps.rolldownOptions` instead.
[WebServer] `esbuild` option is set to false, but `oxc` option was not set to false. `esbuild: false` does not have effect any more. If you want to disable the default transformation, which is now handled by Oxc, please set `oxc: false` instead.

Running 28 tests using 5 workers

(node:69103) Warning: The 'NO_COLOR' env is ignored due to the 'FORCE_COLOR' env being set.
(Use `node --trace-warnings ...` to show where the warning was created)
(node:69104) Warning: The 'NO_COLOR' env is ignored due to the 'FORCE_COLOR' env being set.
(Use `node --trace-warnings ...` to show where the warning was created)
(node:69105) Warning: The 'NO_COLOR' env is ignored due to the 'FORCE_COLOR' env being set.
(Use `node --trace-warnings ...` to show where the warning was created)
(node:69107) Warning: The 'NO_COLOR' env is ignored due to the 'FORCE_COLOR' env being set.
(Use `node --trace-warnings ...` to show where the warning was created)
(node:69106) Warning: The 'NO_COLOR' env is ignored due to the 'FORCE_COLOR' env being set.
(Use `node --trace-warnings ...` to show where the warning was created)
  ✓   3 [desktop] › ../../tests/e2e/paridad-visual.spec.ts:144:3 › Paridad visual — capturas hoteles › login (992ms)
  ✓   6 [desktop] › ../../tests/e2e/paridad-visual.spec.ts:151:3 › Paridad visual — capturas hoteles › resumen (517ms)
  ✓   5 [desktop] › ../../tests/e2e/axe-accesibilidad.spec.ts:20:3 › axe: login sin violaciones serias/críticas (1.8s)
  ✓   7 [desktop] › ../../tests/e2e/paridad-visual.spec.ts:159:3 › Paridad visual — capturas hoteles › reservas (594ms)
  ✓   9 [desktop] › ../../tests/e2e/paridad-visual.spec.ts:173:3 › Paridad visual — comparación real vs. Restaurantes (fixture) › login de Atiende Hoteles: tokens/tipografía/logo/botón == fixture de Restaurantes (417ms)
  ✓  10 [desktop] › ../../tests/e2e/paridad-visual.spec.ts:180:3 › Paridad visual — comparación real vs. Restaurantes (fixture) › resumen de Atiende Hoteles: la tipografía base (--font-body) sigue siendo Inter (443ms)
  ✓   8 [desktop] › ../../tests/e2e/axe-accesibilidad.spec.ts:20:3 › axe: resumen sin violaciones serias/críticas (1.4s)
  ✓   2 [desktop] › ../../tests/e2e/paridad-restaurantes-login.spec.ts:62:1 › paridad: login real de atiende-restaurantes (referencia, solo lectura) (4.0s)
(node:69550) Warning: The 'NO_COLOR' env is ignored due to the 'FORCE_COLOR' env being set.
(Use `node --trace-warnings ...` to show where the warning was created)
  ✓  12 [desktop] › ../../tests/e2e/axe-accesibilidad.spec.ts:20:3 › axe: reservas sin violaciones serias/críticas (1.8s)
  ✓  11 [desktop] › ../../tests/e2e/paridad-visual.spec.ts:243:1 › paridad viva: el render real de atiende-restaurantes coincide con el fixture usado arriba (2.5s)
  ✓   4 [desktop] › ../../tests/e2e/login-real-y-resumen.spec.ts:62:1 › login real (credenciales de la seed) → Resumen con cifras reales calculadas por la API (5.8s)
(node:69576) Warning: The 'NO_COLOR' env is ignored due to the 'FORCE_COLOR' env being set.
(Use `node --trace-warnings ...` to show where the warning was created)
  ✓   1 [desktop] › ../../tests/e2e/h4-reserva-real-desde-ui.spec.ts:72:1 › crear una reserva real desde /reservas (seeds reales) y verla en la tabla y en la grid de /disponibilidad (6.1s)
(node:69578) Warning: The 'NO_COLOR' env is ignored due to the 'FORCE_COLOR' env being set.
(Use `node --trace-warnings ...` to show where the warning was created)
  ✓  14 [desktop] › ../../tests/e2e/axe-accesibilidad.spec.ts:20:3 › axe: disponibilidad sin violaciones serias/críticas (1.6s)
  ✓  13 [mobile] › ../../tests/e2e/axe-accesibilidad.spec.ts:20:3 › axe: login sin violaciones serias/críticas (1.6s)
(node:69588) Warning: The 'NO_COLOR' env is ignored due to the 'FORCE_COLOR' env being set.
(Use `node --trace-warnings ...` to show where the warning was created)
  -  16 [mobile] › ../../tests/e2e/login-real-y-resumen.spec.ts:62:1 › login real (credenciales de la seed) → Resumen con cifras reales calculadas por la API
  -  20 [mobile] › ../../tests/e2e/paridad-restaurantes-login.spec.ts:62:1 › paridad: login real de atiende-restaurantes (referencia, solo lectura)
  ✓  19 [mobile] › ../../tests/e2e/paridad-visual.spec.ts:144:3 › Paridad visual — capturas hoteles › login (710ms)
  ✓  17 [desktop] › ../../tests/e2e/axe-accesibilidad.spec.ts:20:3 › axe: configuracion sin violaciones serias/críticas (1.4s)
  ✓  21 [mobile] › ../../tests/e2e/paridad-visual.spec.ts:151:3 › Paridad visual — capturas hoteles › resumen (509ms)
  ✓  18 [mobile] › ../../tests/e2e/axe-accesibilidad.spec.ts:20:3 › axe: resumen sin violaciones serias/críticas (1.5s)
  ✓  22 [mobile] › ../../tests/e2e/paridad-visual.spec.ts:159:3 › Paridad visual — capturas hoteles › reservas (628ms)
  ✓  24 [mobile] › ../../tests/e2e/paridad-visual.spec.ts:173:3 › Paridad visual — comparación real vs. Restaurantes (fixture) › login de Atiende Hoteles: tokens/tipografía/logo/botón == fixture de Restaurantes (355ms)
  ✓  25 [mobile] › ../../tests/e2e/paridad-visual.spec.ts:180:3 › Paridad visual — comparación real vs. Restaurantes (fixture) › resumen de Atiende Hoteles: la tipografía base (--font-body) sigue siendo Inter (426ms)
  -  26 [mobile] › ../../tests/e2e/paridad-visual.spec.ts:243:1 › paridad viva: el render real de atiende-restaurantes coincide con el fixture usado arriba
  ✓  23 [mobile] › ../../tests/e2e/axe-accesibilidad.spec.ts:20:3 › axe: reservas sin violaciones serias/críticas (1.4s)
  ✓  27 [mobile] › ../../tests/e2e/axe-accesibilidad.spec.ts:20:3 › axe: disponibilidad sin violaciones serias/críticas (1.6s)
  ✓  28 [mobile] › ../../tests/e2e/axe-accesibilidad.spec.ts:20:3 › axe: configuracion sin violaciones serias/críticas (1.8s)
  ✓  15 [mobile] › ../../tests/e2e/h4-reserva-real-desde-ui.spec.ts:72:1 › crear una reserva real desde /reservas (seeds reales) y verla en la tabla y en la grid de /disponibilidad (7.2s)

  3 skipped
  25 passed (15.5s)
