
> atiende-hoteles@0.0.0 build
> npm run build --workspaces --if-present


> @atiende-hoteles/api@0.0.0 build
> tsc --noEmit -p tsconfig.json


> @atiende/web@0.0.0 build
> tsc --noEmit && vite build

5:46:28 PM [vite] warning: `esbuild` option was specified by "vite:react-swc" plugin. This option is deprecated, please use `oxc` instead.
vite v8.2.2 building client environment for production...
transforming...
✓ 1776 modules transformed.
rendering chunks...
computing gzip size...
dist/index.html                   3.96 kB │ gzip:   1.60 kB
dist/assets/index-BdpnZkHV.css   45.99 kB │ gzip:   9.61 kB
dist/assets/index-Bli7dIoQ.js   601.59 kB │ gzip: 172.58 kB

✓ built in 645ms
[plugin builtin:vite-reporter] 
(!) Some chunks are larger than 600 kB after minification. Consider:
- Using dynamic import() to code-split the application
- Use build.rolldownOptions.output.codeSplitting to improve chunking: https://rolldown.rs/reference/OutputOptions.codeSplitting
- Adjust chunk size limit for this warning via build.chunkSizeWarningLimit.
BUILD_EXIT=0
