
> atiende-hoteles@0.0.0 test:e2e
> npm run e2e --workspace=apps/web


> @atiende/web@0.0.0 e2e
> playwright test -c playwright.config.ts

[WebServer] (node:35757) Warning: The 'NO_COLOR' env is ignored due to the 'FORCE_COLOR' env being set.
[WebServer] (Use `node --trace-warnings ...` to show where the warning was created)
[WebServer] 5:07:16 PM [vite] warning: `optimizeDeps.esbuildOptions` option was specified by "vite:react-swc" plugin. This option is deprecated, please use `optimizeDeps.rolldownOptions` instead.
[WebServer] You or a plugin you are using have set `optimizeDeps.esbuildOptions` but this option is now deprecated. Vite now uses Rolldown to optimize the dependencies. Please use `optimizeDeps.rolldownOptions` instead.
[WebServer] `esbuild` option is set to false, but `oxc` option was not set to false. `esbuild: false` does not have effect any more. If you want to disable the default transformation, which is now handled by Oxc, please set `oxc: false` instead.

Running 46 tests using 5 workers

(node:35760) Warning: The 'NO_COLOR' env is ignored due to the 'FORCE_COLOR' env being set.
(Use `node --trace-warnings ...` to show where the warning was created)
(node:35762) Warning: The 'NO_COLOR' env is ignored due to the 'FORCE_COLOR' env being set.
(Use `node --trace-warnings ...` to show where the warning was created)
(node:35761) Warning: The 'NO_COLOR' env is ignored due to the 'FORCE_COLOR' env being set.
(Use `node --trace-warnings ...` to show where the warning was created)
(node:35763) Warning: The 'NO_COLOR' env is ignored due to the 'FORCE_COLOR' env being set.
(Use `node --trace-warnings ...` to show where the warning was created)
(node:35759) Warning: The 'NO_COLOR' env is ignored due to the 'FORCE_COLOR' env being set.
(Use `node --trace-warnings ...` to show where the warning was created)
  ✓   2 [desktop] › ../../tests/e2e/axe-accesibilidad.spec.ts:34:3 › axe: login sin violaciones serias/críticas (2.0s)
  ✓   6 [desktop] › ../../tests/e2e/axe-accesibilidad.spec.ts:34:3 › axe: resumen sin violaciones serias/críticas (1.5s)
  ✓   7 [desktop] › ../../tests/e2e/axe-accesibilidad.spec.ts:34:3 › axe: reservas sin violaciones serias/críticas (2.1s)
  ✓   3 [desktop] › ../../tests/e2e/h4-reserva-real-desde-ui.spec.ts:72:1 › crear una reserva real desde /reservas (seeds reales) y verla en la tabla y en la grid de /disponibilidad (6.9s)
  ✓   8 [desktop] › ../../tests/e2e/axe-accesibilidad.spec.ts:34:3 › axe: recepcion sin violaciones serias/críticas (1.8s)
  ✓   1 [desktop] › ../../tests/e2e/h5-cargo-y-pago-desde-ui.spec.ts:70:1 › cargar un cargo y un pago sobre el folio de una reserva desde /recepcion (UI real) (7.4s)
  ✓   4 [desktop] › ../../tests/e2e/h7-agentes.spec.ts:64:1 › agentes: gate/techo, demo determinista (FakeProvider) y tarjeta de ROI en Resumen -- recorrido real desde la UI (seeds reales) (7.6s)
  ✓  12 [desktop] › ../../tests/e2e/paridad-visual.spec.ts:144:3 › Paridad visual — capturas hoteles › login (697ms)
  ✓   5 [desktop] › ../../tests/e2e/h6-housekeeping-mantenimiento-mensajeria.spec.ts:64:1 › housekeeping/mantenimiento/mensajería/aprobaciones: recorrido real desde la UI (seeds reales) (8.4s)
  ✓  10 [desktop] › ../../tests/e2e/axe-accesibilidad.spec.ts:34:3 › axe: disponibilidad sin violaciones serias/críticas (1.5s)
  ✓  13 [desktop] › ../../tests/e2e/paridad-visual.spec.ts:151:3 › Paridad visual — capturas hoteles › resumen (657ms)
  ✓  15 [desktop] › ../../tests/e2e/paridad-visual.spec.ts:159:3 › Paridad visual — capturas hoteles › reservas (536ms)
  ✓  16 [desktop] › ../../tests/e2e/paridad-visual.spec.ts:173:3 › Paridad visual — comparación real vs. Restaurantes (fixture) › login de Atiende Hoteles: tokens/tipografía/logo/botón == fixture de Restaurantes (393ms)
  ✓  14 [desktop] › ../../tests/e2e/axe-accesibilidad.spec.ts:34:3 › axe: configuracion sin violaciones serias/críticas (1.4s)
  ✓  17 [desktop] › ../../tests/e2e/paridad-visual.spec.ts:180:3 › Paridad visual — comparación real vs. Restaurantes (fixture) › resumen de Atiende Hoteles: la tipografía base (--font-body) sigue siendo Inter (409ms)
  ✓  11 [desktop] › ../../tests/e2e/paridad-restaurantes-login.spec.ts:62:1 › paridad: login real de atiende-restaurantes (referencia, solo lectura) (3.4s)
  ✓  18 [desktop] › ../../tests/e2e/axe-accesibilidad.spec.ts:34:3 › axe: housekeeping sin violaciones serias/críticas (1.3s)
(node:36583) Warning: The 'NO_COLOR' env is ignored due to the 'FORCE_COLOR' env being set.
(Use `node --trace-warnings ...` to show where the warning was created)
(node:36584) Warning: The 'NO_COLOR' env is ignored due to the 'FORCE_COLOR' env being set.
(Use `node --trace-warnings ...` to show where the warning was created)
  ✓  19 [desktop] › ../../tests/e2e/paridad-visual.spec.ts:243:1 › paridad viva: el render real de atiende-restaurantes coincide con el fixture usado arriba (2.5s)
  ✓   9 [desktop] › ../../tests/e2e/login-real-y-resumen.spec.ts:62:1 › login real (credenciales de la seed) → Resumen con cifras reales calculadas por la API (6.1s)
  ✓  20 [desktop] › ../../tests/e2e/axe-accesibilidad.spec.ts:34:3 › axe: mantenimiento sin violaciones serias/críticas (2.0s)
(node:36635) Warning: The 'NO_COLOR' env is ignored due to the 'FORCE_COLOR' env being set.
(Use `node --trace-warnings ...` to show where the warning was created)
(node:36636) Warning: The 'NO_COLOR' env is ignored due to the 'FORCE_COLOR' env being set.
(Use `node --trace-warnings ...` to show where the warning was created)
  ✓  21 [mobile] › ../../tests/e2e/axe-accesibilidad.spec.ts:34:3 › axe: login sin violaciones serias/críticas (1.6s)
  ✓  23 [desktop] › ../../tests/e2e/axe-accesibilidad.spec.ts:34:3 › axe: mensajeria sin violaciones serias/críticas (1.5s)
  ✓  26 [mobile] › ../../tests/e2e/axe-accesibilidad.spec.ts:34:3 › axe: resumen sin violaciones serias/críticas (1.7s)
  ✓  27 [desktop] › ../../tests/e2e/axe-accesibilidad.spec.ts:34:3 › axe: aprobaciones sin violaciones serias/críticas (2.1s)
  ✓  28 [mobile] › ../../tests/e2e/axe-accesibilidad.spec.ts:34:3 › axe: reservas sin violaciones serias/críticas (1.9s)
  ✓  29 [desktop] › ../../tests/e2e/axe-accesibilidad.spec.ts:34:3 › axe: agentes sin violaciones serias/críticas (1.5s)
  ✓  22 [mobile] › ../../tests/e2e/h4-reserva-real-desde-ui.spec.ts:72:1 › crear una reserva real desde /reservas (seeds reales) y verla en la tabla y en la grid de /disponibilidad (6.5s)
  ✓  30 [mobile] › ../../tests/e2e/axe-accesibilidad.spec.ts:34:3 › axe: recepcion sin violaciones serias/críticas (1.5s)
  -  31 [mobile] › ../../tests/e2e/login-real-y-resumen.spec.ts:62:1 › login real (credenciales de la seed) → Resumen con cifras reales calculadas por la API
  -  33 [mobile] › ../../tests/e2e/paridad-restaurantes-login.spec.ts:62:1 › paridad: login real de atiende-restaurantes (referencia, solo lectura)
  ✓  25 [mobile] › ../../tests/e2e/h5-cargo-y-pago-desde-ui.spec.ts:70:1 › cargar un cargo y un pago sobre el folio de una reserva desde /recepcion (UI real) (6.2s)
  ✓  34 [mobile] › ../../tests/e2e/paridad-visual.spec.ts:144:3 › Paridad visual — capturas hoteles › login (659ms)
  ✓  24 [mobile] › ../../tests/e2e/h6-housekeeping-mantenimiento-mensajeria.spec.ts:64:1 › housekeeping/mantenimiento/mensajería/aprobaciones: recorrido real desde la UI (seeds reales) (6.7s)
  ✓  32 [mobile] › ../../tests/e2e/axe-accesibilidad.spec.ts:34:3 › axe: disponibilidad sin violaciones serias/críticas (1.3s)
  ✓  35 [mobile] › ../../tests/e2e/paridad-visual.spec.ts:151:3 › Paridad visual — capturas hoteles › resumen (622ms)
(node:37008) Warning: The 'NO_COLOR' env is ignored due to the 'FORCE_COLOR' env being set.
(Use `node --trace-warnings ...` to show where the warning was created)
  ✓  37 [mobile] › ../../tests/e2e/paridad-visual.spec.ts:159:3 › Paridad visual — capturas hoteles › reservas (559ms)
  ✓  36 [mobile] › ../../tests/e2e/axe-accesibilidad.spec.ts:34:3 › axe: configuracion sin violaciones serias/críticas (1.3s)
  ✓  39 [mobile] › ../../tests/e2e/paridad-visual.spec.ts:173:3 › Paridad visual — comparación real vs. Restaurantes (fixture) › login de Atiende Hoteles: tokens/tipografía/logo/botón == fixture de Restaurantes (454ms)
  ✓  41 [mobile] › ../../tests/e2e/paridad-visual.spec.ts:180:3 › Paridad visual — comparación real vs. Restaurantes (fixture) › resumen de Atiende Hoteles: la tipografía base (--font-body) sigue siendo Inter (384ms)
  -  42 [mobile] › ../../tests/e2e/paridad-visual.spec.ts:243:1 › paridad viva: el render real de atiende-restaurantes coincide con el fixture usado arriba
  ✓  40 [mobile] › ../../tests/e2e/axe-accesibilidad.spec.ts:34:3 › axe: housekeeping sin violaciones serias/críticas (1.3s)
  ✓  43 [mobile] › ../../tests/e2e/axe-accesibilidad.spec.ts:34:3 › axe: mantenimiento sin violaciones serias/críticas (1.3s)
  ✓  44 [mobile] › ../../tests/e2e/axe-accesibilidad.spec.ts:34:3 › axe: mensajeria sin violaciones serias/críticas (1.3s)
  ✓  38 [mobile] › ../../tests/e2e/h7-agentes.spec.ts:64:1 › agentes: gate/techo, demo determinista (FakeProvider) y tarjeta de ROI en Resumen -- recorrido real desde la UI (seeds reales) (4.6s)
  ✓  45 [mobile] › ../../tests/e2e/axe-accesibilidad.spec.ts:34:3 › axe: aprobaciones sin violaciones serias/críticas (1.2s)
  ✓  46 [mobile] › ../../tests/e2e/axe-accesibilidad.spec.ts:34:3 › axe: agentes sin violaciones serias/críticas (1.2s)

  3 skipped
  43 passed (30.4s)
E2E_EXIT=0
