[WebServer] 6:49:28 p.m. [vite] warning: `optimizeDeps.esbuildOptions` option was specified by "vite:react-swc" plugin. This option is deprecated, please use `optimizeDeps.rolldownOptions` instead.
[WebServer] You or a plugin you are using have set `optimizeDeps.esbuildOptions` but this option is now deprecated. Vite now uses Rolldown to optimize the dependencies. Please use `optimizeDeps.rolldownOptions` instead.
[WebServer] `esbuild` option is set to false, but `oxc` option was not set to false. `esbuild: false` does not have effect any more. If you want to disable the default transformation, which is now handled by Oxc, please set `oxc: false` instead.

Running 40 tests using 4 workers

  ✓   1 [desktop] › ../../tests/e2e/paridad-visual.spec.ts:144:3 › Paridad visual — capturas hoteles › login (1.7s)
  ✓   4 [desktop] › ../../tests/e2e/axe-accesibilidad.spec.ts:34:3 › axe: login sin violaciones serias/críticas (2.6s)
  ✓   5 [desktop] › ../../tests/e2e/paridad-visual.spec.ts:151:3 › Paridad visual — capturas hoteles › resumen (928ms)
  ✓   7 [desktop] › ../../tests/e2e/paridad-visual.spec.ts:159:3 › Paridad visual — capturas hoteles › reservas (1.5s)
  ✓   8 [desktop] › ../../tests/e2e/paridad-visual.spec.ts:173:3 › Paridad visual — comparación real vs. Restaurantes (fixture) › login de Atiende Hoteles: tokens/tipografía/logo/botón == fixture de Restaurantes (445ms)
  ✓   2 [desktop] › ../../tests/e2e/paridad-restaurantes-login.spec.ts:62:1 › paridad: login real de atiende-restaurantes (referencia, solo lectura) (4.8s)
  ✓   6 [desktop] › ../../tests/e2e/axe-accesibilidad.spec.ts:34:3 › axe: resumen sin violaciones serias/críticas (2.5s)
  ✓   9 [desktop] › ../../tests/e2e/paridad-visual.spec.ts:180:3 › Paridad visual — comparación real vs. Restaurantes (fixture) › resumen de Atiende Hoteles: la tipografía base (--font-body) sigue siendo Inter (609ms)
  ✓  10 [desktop] › ../../tests/e2e/axe-accesibilidad.spec.ts:34:3 › axe: reservas sin violaciones serias/críticas (2.0s)
  ✓  11 [desktop] › ../../tests/e2e/paridad-visual.spec.ts:243:1 › paridad viva: el render real de atiende-restaurantes coincide con el fixture usado arriba (2.5s)
  ✓   3 [desktop] › ../../tests/e2e/visual/paridad-restaurantes.spec.ts:202:3 › Paridad visual en vivo — Atiende Hoteles vs. atiende-restaurantes (REQ-UX-001) › logo/tokens/tipografía: mismo Chrome, mismos flags --force-prefers-reduced-motion (9.6s)
  ✓  12 [desktop] › ../../tests/e2e/axe-accesibilidad.spec.ts:34:3 › axe: recepcion sin violaciones serias/críticas (1.9s)
  -  15 [mobile] › ../../tests/e2e/paridad-restaurantes-login.spec.ts:62:1 › paridad: login real de atiende-restaurantes (referencia, solo lectura)
  ✓  14 [desktop] › ../../tests/e2e/axe-accesibilidad.spec.ts:34:3 › axe: disponibilidad sin violaciones serias/críticas (2.3s)
  ✓  17 [mobile] › ../../tests/e2e/paridad-visual.spec.ts:144:3 › Paridad visual — capturas hoteles › login (1.1s)
  ✓  16 [mobile] › ../../tests/e2e/axe-accesibilidad.spec.ts:34:3 › axe: login sin violaciones serias/críticas (2.3s)
  ✓  19 [mobile] › ../../tests/e2e/paridad-visual.spec.ts:151:3 › Paridad visual — capturas hoteles › resumen (1.0s)
  ✓  18 [desktop] › ../../tests/e2e/axe-accesibilidad.spec.ts:34:3 › axe: configuracion sin violaciones serias/críticas (2.6s)
  ✓  21 [mobile] › ../../tests/e2e/paridad-visual.spec.ts:159:3 › Paridad visual — capturas hoteles › reservas (1.2s)
  ✓  20 [mobile] › ../../tests/e2e/axe-accesibilidad.spec.ts:34:3 › axe: resumen sin violaciones serias/críticas (2.0s)
  ✓  23 [mobile] › ../../tests/e2e/paridad-visual.spec.ts:173:3 › Paridad visual — comparación real vs. Restaurantes (fixture) › login de Atiende Hoteles: tokens/tipografía/logo/botón == fixture de Restaurantes (660ms)
  ✓  22 [desktop] › ../../tests/e2e/axe-accesibilidad.spec.ts:34:3 › axe: housekeeping sin violaciones serias/críticas (2.0s)
  ✓  13 [desktop] › ../../tests/e2e/visual/paridad-restaurantes.spec.ts:330:3 › Paridad visual en vivo — Atiende Hoteles vs. atiende-restaurantes (REQ-UX-001) › sidebar: mismo patrón (acordeón/colapso/bloque de cuenta) — marcadores de fuente + render real (7.1s)
  ✓  25 [mobile] › ../../tests/e2e/paridad-visual.spec.ts:180:3 › Paridad visual — comparación real vs. Restaurantes (fixture) › resumen de Atiende Hoteles: la tipografía base (--font-body) sigue siendo Inter (650ms)
  -  27 [mobile] › ../../tests/e2e/paridad-visual.spec.ts:243:1 › paridad viva: el render real de atiende-restaurantes coincide con el fixture usado arriba
  -  28 [mobile] › ../../tests/e2e/visual/paridad-restaurantes.spec.ts:202:3 › Paridad visual en vivo — Atiende Hoteles vs. atiende-restaurantes (REQ-UX-001) › logo/tokens/tipografía: mismo Chrome, mismos flags --force-prefers-reduced-motion
  -  29 [mobile] › ../../tests/e2e/visual/paridad-restaurantes.spec.ts:330:3 › Paridad visual en vivo — Atiende Hoteles vs. atiende-restaurantes (REQ-UX-001) › sidebar: mismo patrón (acordeón/colapso/bloque de cuenta) — marcadores de fuente + render real
  ✓  24 [mobile] › ../../tests/e2e/axe-accesibilidad.spec.ts:34:3 › axe: reservas sin violaciones serias/críticas (1.9s)
  ✓  26 [desktop] › ../../tests/e2e/axe-accesibilidad.spec.ts:34:3 › axe: mantenimiento sin violaciones serias/críticas (1.9s)
  ✓  30 [mobile] › ../../tests/e2e/axe-accesibilidad.spec.ts:34:3 › axe: recepcion sin violaciones serias/críticas (1.6s)
  ✓  31 [desktop] › ../../tests/e2e/axe-accesibilidad.spec.ts:34:3 › axe: mensajeria sin violaciones serias/críticas (1.7s)
  ✓  32 [mobile] › ../../tests/e2e/axe-accesibilidad.spec.ts:34:3 › axe: disponibilidad sin violaciones serias/críticas (1.7s)
  ✓  33 [desktop] › ../../tests/e2e/axe-accesibilidad.spec.ts:34:3 › axe: aprobaciones sin violaciones serias/críticas (1.7s)
  ✓  34 [mobile] › ../../tests/e2e/axe-accesibilidad.spec.ts:34:3 › axe: configuracion sin violaciones serias/críticas (1.7s)
  ✓  35 [desktop] › ../../tests/e2e/axe-accesibilidad.spec.ts:34:3 › axe: agentes sin violaciones serias/críticas (1.8s)
  ✓  36 [mobile] › ../../tests/e2e/axe-accesibilidad.spec.ts:34:3 › axe: housekeeping sin violaciones serias/críticas (1.8s)
  ✓  37 [mobile] › ../../tests/e2e/axe-accesibilidad.spec.ts:34:3 › axe: mantenimiento sin violaciones serias/críticas (1.7s)
  ✓  38 [mobile] › ../../tests/e2e/axe-accesibilidad.spec.ts:34:3 › axe: mensajeria sin violaciones serias/críticas (1.6s)
  ✓  39 [mobile] › ../../tests/e2e/axe-accesibilidad.spec.ts:34:3 › axe: aprobaciones sin violaciones serias/críticas (1.8s)
  ✓  40 [mobile] › ../../tests/e2e/axe-accesibilidad.spec.ts:34:3 › axe: agentes sin violaciones serias/críticas (1.6s)

  4 skipped
  36 passed (32.8s)
